[dotenv@17.3.1] injecting env (3) from .env -- tip: ΓÜÖ∩╕Å  write to custom object with { processEnv: myObject }
Testing connection to: mongodb:****@ac-e8jdpvv-shard-00-00.pbq1a5q.mongodb.net:27017,ac-e8jdpvv-shard-00-01.pbq1a5q.mongodb.net:27017,ac-e8jdpvv-shard-00-02.pbq1a5q.mongodb.net:27017/fleetflow?ssl=true&replicaSet=atlas-28773t-shard-0&authSource=admin&retryWrites=true&w=majority
Attempting to connect...
node : Γ¥î FAILURE: 
Could not connect
At line:1 char:1
+ node test_db.js > 
test_output.txt 2>&1
+ ~~~~~~~~~~~~~~~~~~~~~
~~~~~~~~~~~~~~~~~
    + CategoryInfo     
         : NotSpecifi  
  ed: (Γ¥î FAILURE:    
 Could not connect:    
String) [], Remote    
Exception
    + FullyQualifiedEr 
   rorId : NativeComm  
  andError
 
Error Name: MongooseSer
verSelectionError
Error Message: Server 
selection timed out 
after 5000 ms
Error Reason: {
  "type": 
"ReplicaSetNoPrimary",
  "servers": {},
  "stale": false,
  "compatible": true,
  "heartbeatFrequencyMS
": 10000,
  "localThresholdMS": 
15,
  "setName": 
"atlas-28773t-shard-0",
  "maxElectionId": 
null,
  "maxSetVersion": 
null,
  "commonWireVersion": 
0,
  "logicalSessionTimeou
tMinutes": null
}
